Script started on 2022-02-03 19:22:54+01:00 [TERM="xterm-256color" TTY="/dev/pts/0" COLUMNS="80" LINES="24"]
]0;mat@mat-VirtualBox: ~/prpa/repositorio-prueba[01;32mmat@mat-VirtualBox[00m:[01;34m~/prpa/repositorio-prueba[00m$ git add[K[K[K[K[K[K[Kpython3 0_procesos.o[Kpy
fin
hola 0
hola 0
hola 1
hola 2
hola 3
hola 4
hola 1
hola 2
hola 3
hola 4
]0;mat@mat-VirtualBox: ~/prpa/repositorio-prueba[01;32mmat@mat-VirtualBox[00m:[01;34m~/prpa/repositorio-prueba[00m$ python3 0_procesos.py[C[1P_procesos.py1_procesos.py
python3: can't open file '1_procesos.py': [Errno 2] No such file or directory
]0;mat@mat-VirtualBox: ~/prpa/repositorio-prueba[01;32mmat@mat-VirtualBox[00m:[01;34m~/prpa/repositorio-prueba[00m$ python3 1_procesos.py_procesos.py
hola soy ana 2 vuelta 0
hola soy ana 2 vuelta 1
hola soy ana 2 vuelta 2
hola soy ana 7 vuelta 0
hola soy ana 3 vuelta 0
hola soy ana 3 vuelta 1
hola soy ana 3 vuelta 2
hola soy ana 0 vuelta 0
hola soy ana 0 vuelta 1
hola soy ana 0 vuelta 2
hola soy ana 4 vuelta 0
hola soy ana 4 vuelta 1
hola soy ana 4 vuelta 2
hola soy ana 6 vuelta 0
hola soy ana 6 vuelta 1
hola soy ana 6 vuelta 2
hola soy ana 5 vuelta 0
hola soy ana 1 vuelta 0
hola soy ana 1 vuelta 1
hola soy ana 1 vuelta 2
hola soy ana 5 vuelta 1
hola soy ana 5 vuelta 2
hola soy ana 7 vuelta 1
hola soy ana 7 vuelta 2
hola soy ana 8 vuelta 0
hola soy ana 8 vuelta 1
hola soy ana 8 vuelta 2
hola soy ana 9 vuelta 0
hola soy ana 9 vuelta 1
hola soy ana 9 vuelta 2
fin
adios
]0;mat@mat-VirtualBox: ~/prpa/repositorio-prueba[01;32mmat@mat-VirtualBox[00m:[01;34m~/prpa/repositorio-prueba[00m$ git add
Nada especificado, nada agregado.
¿Tal vez quiso decir 'git add .'?
]0;mat@mat-VirtualBox: ~/prpa/repositorio-prueba[01;32mmat@mat-VirtualBox[00m:[01;34m~/prpa/repositorio-prueba[00m$ git add _[K0_procesos.py
]0;mat@mat-VirtualBox: ~/prpa/repositorio-prueba[01;32mmat@mat-VirtualBox[00m:[01;34m~/prpa/repositorio-prueba[00m$ git add 1__procesos.py
]0;mat@mat-VirtualBox: ~/prpa/repositorio-prueba[01;32mmat@mat-VirtualBox[00m:[01;34m~/prpa/repositorio-prueba[00m$ git add 2_proceso.pys.py
]0;mat@mat-VirtualBox: ~/prpa/repositorio-prueba[01;32mmat@mat-VirtualBox[00m:[01;34m~/prpa/repositorio-prueba[00m$ git add 3_process[Kos.py
]0;mat@mat-VirtualBox: ~/prpa/repositorio-prueba[01;32mmat@mat-VirtualBox[00m:[01;34m~/prpa/repositorio-prueba[00m$ git add 4_procesos.py
]0;mat@mat-VirtualBox: ~/prpa/repositorio-prueba[01;32mmat@mat-VirtualBox[00m:[01;34m~/prpa/repositorio-prueba[00m$ git commit -m "Incorporación de to dos los procesos"
[main 3bb4e0f] Incorporación de todos los procesos
 4 files changed, 113 insertions(+)
 create mode 100644 0_procesos.py
 create mode 100644 2_procesos.py
 create mode 100644 3_procesos.py
 create mode 100644 4_procesos.py
]0;mat@mat-VirtualBox: ~/prpa/repositorio-prueba[01;32mmat@mat-VirtualBox[00m:[01;34m~/prpa/repositorio-prueba[00m$ git push
Enumerando objetos: 7, listo.
Contando objetos:  14% (1/7)Contando objetos:  28% (2/7)Contando objetos:  42% (3/7)Contando objetos:  57% (4/7)Contando objetos:  71% (5/7)Contando objetos:  85% (6/7)Contando objetos: 100% (7/7)Contando objetos: 100% (7/7), listo.
Comprimiendo objetos:  16% (1/6)Comprimiendo objetos:  33% (2/6)Comprimiendo objetos:  50% (3/6)Comprimiendo objetos:  66% (4/6)Comprimiendo objetos:  83% (5/6)Comprimiendo objetos: 100% (6/6)Comprimiendo objetos: 100% (6/6), listo.
Escribiendo objetos:  16% (1/6)Escribiendo objetos:  33% (2/6)Escribiendo objetos:  50% (3/6)Escribiendo objetos:  83% (5/6)Escribiendo objetos: 100% (6/6)Escribiendo objetos: 100% (6/6), 1.53 KiB | 1.53 MiB/s, listo.
Total 6 (delta 2), reusado 0 (delta 0)
remote: Resolving deltas:   0% (0/2)[Kremote: Resolving deltas:  50% (1/2)[Kremote: Resolving deltas: 100% (2/2)[Kremote: Resolving deltas: 100% (2/2), done.[K
To github.com:pablal05/repositorio-prueba.git
   76c2854..3bb4e0f  main -> main
]0;mat@mat-VirtualBox: ~/prpa/repositorio-prueba[01;32mmat@mat-VirtualBox[00m:[01;34m~/prpa/repositorio-prueba[00m$ git dd[K[Kafd[K[Kdd sesion,¡[K[K.txt
]0;mat@mat-VirtualBox: ~/prpa/repositorio-prueba[01;32mmat@mat-VirtualBox[00m:[01;34m~/prpa/repositorio-prueba[00m$ git commi[K[K[K[K[Kpush
Everything up-to-date
]0;mat@mat-VirtualBox: ~/prpa/repositorio-prueba[01;32mmat@mat-VirtualBox[00m:[01;34m~/prpa/repositorio-prueba[00m$ git commit -m "meter se[K[K[K[K[Kiendo sesion.tct [A[C[C[C[C[C[C[C[C[C[C[C[C[C[C[C[C[C[C[C[C[C[C[C[C[C[C[C[C[C[C[C[C[C[C[C[C[C[C[C[C[C[C[C[C[C[C[C[C[C[C[C[C[C[C[C[C[C[C[C[C[C[C[C[C[C[C[C[C[C[C[C[C[C[C[C[C[C[C[C[K
[K[A[C[C[C[C[C[C[C[C[C[C[C[C[C[C[C[C[C[C[C[C[C[C[C[C[C[C[C[C[C[C[C[C[C[C[C[C[C[C[C[C[C[C[C[C[C[C[C[C[C[C[C[C[C[C[C[C[C[C[C[C[C[C[C[C[C[C[C[C[C[C[C[C[C[C[C[C[C[C[C[K[Ktxt "
[main 0645d99] metiendo sesion.txt
 1 file changed, 104 insertions(+)
 create mode 100644 sesion.txt
]0;mat@mat-VirtualBox: ~/prpa/repositorio-prueba[01;32mmat@mat-VirtualBox[00m:[01;34m~/prpa/repositorio-prueba[00m$ s[Kgit push
Enumerando objetos: 4, listo.
Contando objetos:  25% (1/4)Contando objetos:  50% (2/4)Contando objetos:  75% (3/4)Contando objetos: 100% (4/4)Contando objetos: 100% (4/4), listo.
Comprimiendo objetos:  33% (1/3)Comprimiendo objetos:  66% (2/3)Comprimiendo objetos: 100% (3/3)Comprimiendo objetos: 100% (3/3), listo.
Escribiendo objetos:  33% (1/3)Escribiendo objetos:  66% (2/3)Escribiendo objetos: 100% (3/3)Escribiendo objetos: 100% (3/3), 1.63 KiB | 1.63 MiB/s, listo.
Total 3 (delta 1), reusado 0 (delta 0)
remote: Resolving deltas:   0% (0/1)[Kremote: Resolving deltas: 100% (1/1)[Kremote: Resolving deltas: 100% (1/1), completed with 1 local object.[K
To github.com:pablal05/repositorio-prueba.git
   3bb4e0f..0645d99  main -> main
]0;mat@mat-VirtualBox: ~/prpa/repositorio-prueba[01;32mmat@mat-VirtualBox[00m:[01;34m~/prpa/repositorio-prueba[00m$ exit

Script done on 2022-02-03 19:33:17+01:00 [COMMAND_EXIT_CODE="0"]
